
> frontend@0.1.0 build
> next build

Ôû▓ Next.js 16.2.6 (Turbopack)
- Environments: .env.local

node.exe : ÔÜá The "middleware" file convention is deprecated. Please use "proxy" instead. Learn more: 
https://nextjs.org/docs/messages/middleware-to-proxy
At line:1 char:1
+ & "C:\Program Files\nodejs/node.exe" "C:\Program Files\nodejs/node_mo ...
+ ~~~~~~~~~~~~~~~~~~~~~~~~~~~~~~~~~~~~~~~~~~~~~~~~~~~~~~~~~~~~~~~~~~~~~
    + CategoryInfo          : NotSpecified: (ÔÜá The "middle...leware-to-proxy:String) [], RemoteException
    + FullyQualifiedErrorId : NativeCommandError
 
  Creating an optimized production build ...

> Build error occurred
Error: Turbopack build failed with 10 errors:
./app/(dashboard)/employees/[id]/page.tsx:19:1
Export getInitials doesn't exist in target module
  [90m17 |[0m   [33mDollarSign[0m, [33mPencil[0m, [33mTrash2[0m, [33mShield[0m, [33mClock[0m,
  [90m18 |[0m } [36mfrom[0m [32m'lucide-react'[0m;
[31m[1m>[0m [90m19 |[0m [36mimport[0m { getInitials } [36mfrom[0m [32m'@/lib/utils'[0m;
  [90m   |[0m [31m[1m^^^^^^^^^^^^^^^^^^^^^^^^^^^^^^^^^^^^^^^^^^[0m
  [90m20 |[0m [36mimport[0m [33mLink[0m [36mfrom[0m [32m'next/link'[0m;
  [90m21 |[0m
  [90m22 |[0m [36mconst[0m statusColors: [33mRecord[0m<string, string> = {

The export getInitials was not found in module [project]/lib/utils.ts [app-client] (ecmascript).
Did you mean to import cn?
All exports of the module are statically known (It doesn't have dynamic exports). So it's known statically that the 
requested export doesn't exist.

Import traces:
  Client Component Browser:
    ./app/(dashboard)/employees/[id]/page.tsx [Client Component Browser]
    ./app/(dashboard)/employees/[id]/page.tsx [Server Component]

  Client Component SSR:
    ./app/(dashboard)/employees/[id]/page.tsx [Client Component SSR]
    ./app/(dashboard)/employees/[id]/page.tsx [Server Component]


./app/(dashboard)/employees/[id]/page.tsx:19:1
Export getInitials doesn't exist in target module
  [90m17 |[0m   [33mDollarSign[0m, [33mPencil[0m, [33mTrash2[0m, [33mShield[0m, [33mClock[0m,
  [90m18 |[0m } [36mfrom[0m [32m'lucide-react'[0m;
[31m[1m>[0m [90m19 |[0m [36mimport[0m { getInitials } [36mfrom[0m [32m'@/lib/utils'[0m;
  [90m   |[0m [31m[1m^^^^^^^^^^^^^^^^^^^^^^^^^^^^^^^^^^^^^^^^^^[0m
  [90m20 |[0m [36mimport[0m [33mLink[0m [36mfrom[0m [32m'next/link'[0m;
  [90m21 |[0m
  [90m22 |[0m [36mconst[0m statusColors: [33mRecord[0m<string, string> = {

The export getInitials was not found in module [project]/lib/utils.ts [app-ssr] (ecmascript).
Did you mean to import cn?
All exports of the module are statically known (It doesn't have dynamic exports). So it's known statically that the 
requested export doesn't exist.

Import traces:
  Client Component Browser:
    ./app/(dashboard)/employees/[id]/page.tsx [Client Component Browser]
    ./app/(dashboard)/employees/[id]/page.tsx [Server Component]

  Client Component SSR:
    ./app/(dashboard)/employees/[id]/page.tsx [Client Component SSR]
    ./app/(dashboard)/employees/[id]/page.tsx [Server Component]


./app/(dashboard)/employees/page.tsx:34:1
Export getInitials doesn't exist in target module
  [90m32 |[0m   [33mDropdownMenu[0m, [33mDropdownMenuContent[0m, [33mDropdownMenuItem[0m, 
[33mDropdownMenuTrigger[0m,
  [90m33 |[0m } [36mfrom[0m [32m'@/components/ui/dropdown-menu'[0m;
[31m[1m>[0m [90m34 |[0m [36mimport[0m { getInitials } [36mfrom[0m [32m'@/lib/utils'[0m;
  [90m   |[0m [31m[1m^^^^^^^^^^^^^^^^^^^^^^^^^^^^^^^^^^^^^^^^^^[0m
  [90m35 |[0m
  [90m36 |[0m [36mconst[0m [33mROLES[0m = [[32m'developer'[0m, [32m'designer'[0m, [32m'manager'[0m, 
[32m'hr'[0m, [32m'marketing'[0m, [32m'sales'[0m, [32m'finance'[0m, [32m...[0m
  [90m37 |[0m [36mconst[0m [33mSTATUSES[0m = [[32m'active'[0m, [32m'inactive'[0m, [32m'on-leave'[0m] 
[36mas[0m [36mconst[0m;

The export getInitials was not found in module [project]/lib/utils.ts [app-client] (ecmascript).
Did you mean to import cn?
All exports of the module are statically known (It doesn't have dynamic exports). So it's known statically that the 
requested export doesn't exist.

Import traces:
  Client Component Browser:
    ./app/(dashboard)/employees/page.tsx [Client Component Browser]
    ./app/(dashboard)/employees/page.tsx [Server Component]

  Client Component SSR:
    ./app/(dashboard)/employees/page.tsx [Client Component SSR]
    ./app/(dashboard)/employees/page.tsx [Server Component]


./app/(dashboard)/employees/page.tsx:34:1
Export getInitials doesn't exist in target module
  [90m32 |[0m   [33mDropdownMenu[0m, [33mDropdownMenuContent[0m, [33mDropdownMenuItem[0m, 
[33mDropdownMenuTrigger[0m,
  [90m33 |[0m } [36mfrom[0m [32m'@/components/ui/dropdown-menu'[0m;
[31m[1m>[0m [90m34 |[0m [36mimport[0m { getInitials } [36mfrom[0m [32m'@/lib/utils'[0m;
  [90m   |[0m [31m[1m^^^^^^^^^^^^^^^^^^^^^^^^^^^^^^^^^^^^^^^^^^[0m
  [90m35 |[0m
  [90m36 |[0m [36mconst[0m [33mROLES[0m = [[32m'developer'[0m, [32m'designer'[0m, [32m'manager'[0m, 
[32m'hr'[0m, [32m'marketing'[0m, [32m'sales'[0m, [32m'finance'[0m, [32m...[0m
  [90m37 |[0m [36mconst[0m [33mSTATUSES[0m = [[32m'active'[0m, [32m'inactive'[0m, [32m'on-leave'[0m] 
[36mas[0m [36mconst[0m;

The export getInitials was not found in module [project]/lib/utils.ts [app-ssr] (ecmascript).
Did you mean to import cn?
All exports of the module are statically known (It doesn't have dynamic exports). So it's known statically that the 
requested export doesn't exist.

Import traces:
  Client Component Browser:
    ./app/(dashboard)/employees/page.tsx [Client Component Browser]
    ./app/(dashboard)/employees/page.tsx [Server Component]

  Client Component SSR:
    ./app/(dashboard)/employees/page.tsx [Client Component SSR]
    ./app/(dashboard)/employees/page.tsx [Server Component]


./app/(dashboard)/settings/page.tsx:15:1
Export getInitials doesn't exist in target module
  [90m13 |[0m [36mimport[0m { [33mTabs[0m, [33mTabsContent[0m, [33mTabsList[0m, [33mTabsTrigger[0m } 
[36mfrom[0m [32m'@/components/ui/tabs'[0m;
  [90m14 |[0m [36mimport[0m { [33mUser[0m, [33mShield[0m, [33mPalette[0m, [33mUpload[0m, 
[33mCheckCircle2[0m } [36mfrom[0m [32m'lucide-react'[0m;
[31m[1m>[0m [90m15 |[0m [36mimport[0m { getInitials } [36mfrom[0m [32m'@/lib/utils'[0m;
  [90m   |[0m [31m[1m^^^^^^^^^^^^^^^^^^^^^^^^^^^^^^^^^^^^^^^^^^[0m
  [90m16 |[0m [36mimport[0m api [36mfrom[0m [32m'@/lib/api'[0m;
  [90m17 |[0m
  [90m18 |[0m [36mconst[0m profileSchema = z.object({

The export getInitials was not found in module [project]/lib/utils.ts [app-client] (ecmascript).
Did you mean to import cn?
All exports of the module are statically known (It doesn't have dynamic exports). So it's known statically that the 
requested export doesn't exist.

Import traces:
  Client Component Browser:
    ./app/(dashboard)/settings/page.tsx [Client Component Browser]
    ./app/(dashboard)/settings/page.tsx [Server Component]

  Client Component SSR:
    ./app/(dashboard)/settings/page.tsx [Client Component SSR]
    ./app/(dashboard)/settings/page.tsx [Server Component]


./app/(dashboard)/settings/page.tsx:15:1
Export getInitials doesn't exist in target module
  [90m13 |[0m [36mimport[0m { [33mTabs[0m, [33mTabsContent[0m, [33mTabsList[0m, [33mTabsTrigger[0m } 
[36mfrom[0m [32m'@/components/ui/tabs'[0m;
  [90m14 |[0m [36mimport[0m { [33mUser[0m, [33mShield[0m, [33mPalette[0m, [33mUpload[0m, 
[33mCheckCircle2[0m } [36mfrom[0m [32m'lucide-react'[0m;
[31m[1m>[0m [90m15 |[0m [36mimport[0m { getInitials } [36mfrom[0m [32m'@/lib/utils'[0m;
  [90m   |[0m [31m[1m^^^^^^^^^^^^^^^^^^^^^^^^^^^^^^^^^^^^^^^^^^[0m
  [90m16 |[0m [36mimport[0m api [36mfrom[0m [32m'@/lib/api'[0m;
  [90m17 |[0m
  [90m18 |[0m [36mconst[0m profileSchema = z.object({

The export getInitials was not found in module [project]/lib/utils.ts [app-ssr] (ecmascript).
Did you mean to import cn?
All exports of the module are statically known (It doesn't have dynamic exports). So it's known statically that the 
requested export doesn't exist.

Import traces:
  Client Component Browser:
    ./app/(dashboard)/settings/page.tsx [Client Component Browser]
    ./app/(dashboard)/settings/page.tsx [Server Component]

  Client Component SSR:
    ./app/(dashboard)/settings/page.tsx [Client Component SSR]
    ./app/(dashboard)/settings/page.tsx [Server Component]


./components/layout/Header.tsx:11:1
Export getInitials doesn't exist in target module
  [90m 9 |[0m } [36mfrom[0m [32m'@/components/ui/dropdown-menu'[0m;
  [90m10 |[0m [36mimport[0m { [33mMoon[0m, [33mSun[0m, [33mMenu[0m, [33mBell[0m, [33mLogOut[0m, 
[33mUser[0m, [33mSettings[0m } [36mfrom[0m [32m'lucide-react'[0m;
[31m[1m>[0m [90m11 |[0m [36mimport[0m { getInitials } [36mfrom[0m [32m'@/lib/utils'[0m;
  [90m   |[0m [31m[1m^^^^^^^^^^^^^^^^^^^^^^^^^^^^^^^^^^^^^^^^^^[0m
  [90m12 |[0m [36mimport[0m { toast } [36mfrom[0m [32m'sonner'[0m;
  [90m13 |[0m [36mimport[0m { useRouter } [36mfrom[0m [32m'next/navigation'[0m;
  [90m14 |[0m [36mimport[0m [33mLink[0m [36mfrom[0m [32m'next/link'[0m;

The export getInitials was not found in module [project]/lib/utils.ts [app-client] (ecmascript).
Did you mean to import cn?
All exports of the module are statically known (It doesn't have dynamic exports). So it's known statically that the 
requested export doesn't exist.

Import traces:
  Client Component Browser:
    ./components/layout/Header.tsx [Client Component Browser]
    ./app/(dashboard)/layout.tsx [Client Component Browser]
    ./app/(dashboard)/layout.tsx [Server Component]

  Client Component SSR:
    ./components/layout/Header.tsx [Client Component SSR]
    ./app/(dashboard)/layout.tsx [Client Component SSR]
    ./app/(dashboard)/layout.tsx [Server Component]


./components/layout/Header.tsx:11:1
Export getInitials doesn't exist in target module
  [90m 9 |[0m } [36mfrom[0m [32m'@/components/ui/dropdown-menu'[0m;
  [90m10 |[0m [36mimport[0m { [33mMoon[0m, [33mSun[0m, [33mMenu[0m, [33mBell[0m, [33mLogOut[0m, 
[33mUser[0m, [33mSettings[0m } [36mfrom[0m [32m'lucide-react'[0m;
[31m[1m>[0m [90m11 |[0m [36mimport[0m { getInitials } [36mfrom[0m [32m'@/lib/utils'[0m;
  [90m   |[0m [31m[1m^^^^^^^^^^^^^^^^^^^^^^^^^^^^^^^^^^^^^^^^^^[0m
  [90m12 |[0m [36mimport[0m { toast } [36mfrom[0m [32m'sonner'[0m;
  [90m13 |[0m [36mimport[0m { useRouter } [36mfrom[0m [32m'next/navigation'[0m;
  [90m14 |[0m [36mimport[0m [33mLink[0m [36mfrom[0m [32m'next/link'[0m;

The export getInitials was not found in module [project]/lib/utils.ts [app-ssr] (ecmascript).
Did you mean to import cn?
All exports of the module are statically known (It doesn't have dynamic exports). So it's known statically that the 
requested export doesn't exist.

Import traces:
  Client Component Browser:
    ./components/layout/Header.tsx [Client Component Browser]
    ./app/(dashboard)/layout.tsx [Client Component Browser]
    ./app/(dashboard)/layout.tsx [Server Component]

  Client Component SSR:
    ./components/layout/Header.tsx [Client Component SSR]
    ./app/(dashboard)/layout.tsx [Client Component SSR]
    ./app/(dashboard)/layout.tsx [Server Component]


./components/layout/Sidebar.tsx:12:1
Export getInitials doesn't exist in target module
  [90m10 |[0m [36mimport[0m { [33mButton[0m } [36mfrom[0m [32m'@/components/ui/button'[0m;
  [90m11 |[0m [36mimport[0m { [33mAvatar[0m, [33mAvatarFallback[0m, [33mAvatarImage[0m } [36mfrom[0m 
[32m'@/components/ui/avatar'[0m;
[31m[1m>[0m [90m12 |[0m [36mimport[0m { getInitials } [36mfrom[0m [32m'@/lib/utils'[0m;
  [90m   |[0m [31m[1m^^^^^^^^^^^^^^^^^^^^^^^^^^^^^^^^^^^^^^^^^^[0m
  [90m13 |[0m [36mimport[0m { toast } [36mfrom[0m [32m'sonner'[0m;
  [90m14 |[0m [36mimport[0m { useRouter } [36mfrom[0m [32m'next/navigation'[0m;
  [90m15 |[0m

The export getInitials was not found in module [project]/lib/utils.ts [app-client] (ecmascript).
Did you mean to import cn?
All exports of the module are statically known (It doesn't have dynamic exports). So it's known statically that the 
requested export doesn't exist.

Import traces:
  Client Component Browser:
    ./components/layout/Sidebar.tsx [Client Component Browser]
    ./app/(dashboard)/layout.tsx [Client Component Browser]
    ./app/(dashboard)/layout.tsx [Server Component]

  Client Component SSR:
    ./components/layout/Sidebar.tsx [Client Component SSR]
    ./app/(dashboard)/layout.tsx [Client Component SSR]
    ./app/(dashboard)/layout.tsx [Server Component]


./components/layout/Sidebar.tsx:12:1
Export getInitials doesn't exist in target module
  [90m10 |[0m [36mimport[0m { [33mButton[0m } [36mfrom[0m [32m'@/components/ui/button'[0m;
  [90m11 |[0m [36mimport[0m { [33mAvatar[0m, [33mAvatarFallback[0m, [33mAvatarImage[0m } [36mfrom[0m 
[32m'@/components/ui/avatar'[0m;
[31m[1m>[0m [90m12 |[0m [36mimport[0m { getInitials } [36mfrom[0m [32m'@/lib/utils'[0m;
  [90m   |[0m [31m[1m^^^^^^^^^^^^^^^^^^^^^^^^^^^^^^^^^^^^^^^^^^[0m
  [90m13 |[0m [36mimport[0m { toast } [36mfrom[0m [32m'sonner'[0m;
  [90m14 |[0m [36mimport[0m { useRouter } [36mfrom[0m [32m'next/navigation'[0m;
  [90m15 |[0m

The export getInitials was not found in module [project]/lib/utils.ts [app-ssr] (ecmascript).
Did you mean to import cn?
All exports of the module are statically known (It doesn't have dynamic exports). So it's known statically that the 
requested export doesn't exist.

Import traces:
  Client Component Browser:
    ./components/layout/Sidebar.tsx [Client Component Browser]
    ./app/(dashboard)/layout.tsx [Client Component Browser]
    ./app/(dashboard)/layout.tsx [Server Component]

  Client Component SSR:
    ./components/layout/Sidebar.tsx [Client Component SSR]
    ./app/(dashboard)/layout.tsx [Client Component SSR]
    ./app/(dashboard)/layout.tsx [Server Component]


    at <unknown> (./app/(dashboard)/employees/[id]/page.tsx:19:1)
    at <unknown> (./app/(dashboard)/employees/[id]/page.tsx:19:1)
    at <unknown> (./app/(dashboard)/employees/page.tsx:34:1)
    at <unknown> (./app/(dashboard)/employees/page.tsx:34:1)
    at <unknown> (./app/(dashboard)/settings/page.tsx:15:1)
    at <unknown> (./app/(dashboard)/settings/page.tsx:15:1)
    at <unknown> (./components/layout/Header.tsx:11:1)
    at <unknown> (./components/layout/Header.tsx:11:1)
    at <unknown> (./components/layout/Sidebar.tsx:12:1)
    at <unknown> (./components/layout/Sidebar.tsx:12:1)
